// Jest Snapshot v1, https://goo.gl/fbAQLP

exports[`renders correctly 1`] = `
<View
  style={
    {
      "display": "flex",
      "justifyContent": "center",
      "margin": 20,
      "marginTop": 0,
    }
  }
>
  <Text
    style={
      {
        "color": "black",
        "fontWeight": "bold",
      }
    }
  >
    The Two Towers
  </Text>
  <Text
    style={
      {
        "color": "grey",
      }
    }
  >
    J.R.R. Tolkien
  </Text>
</View>
`;
